INFO:root:[DEBUG] Creating (DuckDuckGo) HTTP object.
INFO:root:[DEBUG] Creating (DuckDuckGo) HTTP object.
INFO:root:[DEBUG] Creating (DuckDuckGo) HTTP object.
INFO:root:[DEBUG] Response code is <http.client.HTTPResponse object at 0x7fe4ab21fba8> 
INFO:root:[DEBUG] Creating (DuckDuckGo) HTTP object.
INFO:root:[DEBUG] Response code is <http.client.HTTPResponse object at 0x7fe4ab242f98> 
INFO:root:[DEBUG] Creating (DuckDuckGo) HTTP object.
INFO:root:[DEBUG] Response code is <http.client.HTTPResponse object at 0x7fe4aa9a46d8> 
INFO:root:[DEBUG] Creating (DuckDuckGo) HTTP object.
INFO:root:[DEBUG] Response code is <http.client.HTTPResponse object at 0x7fe4aa996978> 
INFO:root:[DEBUG] Creating (DuckDuckGo) HTTP object.
INFO:root:[DEBUG] Response code is <http.client.HTTPResponse object at 0x7fe4aa9b6dd8> 
INFO:root:[DEBUG] Creating (DuckDuckGo) HTTP object.
INFO:root:[DEBUG] Response code is <http.client.HTTPResponse object at 0x7fe4aa99fe80> 
INFO:root:[DEBUG] Creating (DuckDuckGo) HTTP object.
INFO:root:[DEBUG] Response code is <http.client.HTTPResponse object at 0x7fe4aa9ca518> 
INFO:root:[DEBUG] Creating (DuckDuckGo) HTTP object.
INFO:root:[DEBUG] Response code is <http.client.HTTPResponse object at 0x7fe4aa9c7518> 
INFO:root:[DEBUG] Creating (DuckDuckGo) HTTP object.
INFO:root:[DEBUG] Response code is <http.client.HTTPResponse object at 0x7fe4aa95fc18> 
INFO:root:[DEBUG] Creating (DuckDuckGo) HTTP object.
INFO:root:[DEBUG] Response code is <http.client.HTTPResponse object at 0x7fe4aa9c6c88> 
INFO:root:[DEBUG] Creating (DuckDuckGo) HTTP object.
INFO:root:[DEBUG] Response code is <http.client.HTTPResponse object at 0x7fc64ae8bcc0> 
INFO:root:[DEBUG] Creating (DuckDuckGo) HTTP object.
INFO:root:[DEBUG] Response code is <http.client.HTTPResponse object at 0x7fc64aeb50b8> 
INFO:root:[DEBUG] Creating (DuckDuckGo) HTTP object.
INFO:root:[DEBUG] Response code is <http.client.HTTPResponse object at 0x7fc64a610780> 
INFO:root:[DEBUG] Creating (DuckDuckGo) HTTP object.
INFO:root:[DEBUG] Response code is <http.client.HTTPResponse object at 0x7fc64a602860> 
INFO:root:[DEBUG] Creating (DuckDuckGo) HTTP object.
INFO:root:[DEBUG] Response code is <http.client.HTTPResponse object at 0x7fc64a622e80> 
INFO:root:[DEBUG] Creating (DuckDuckGo) HTTP object.
INFO:root:[DEBUG] Response code is <http.client.HTTPResponse object at 0x7fc64a60ce80> 
INFO:root:[DEBUG] Creating (DuckDuckGo) HTTP object.
INFO:root:[DEBUG] Response code is <http.client.HTTPResponse object at 0x7fc64a6365c0> 
INFO:root:[DEBUG] Creating (DuckDuckGo) HTTP object.
INFO:root:[DEBUG] Response code is <http.client.HTTPResponse object at 0x7fc64a6335c0> 
INFO:root:[DEBUG] Creating (DuckDuckGo) HTTP object.
INFO:root:[DEBUG] Response code is <http.client.HTTPResponse object at 0x7fc64a5cbcc0> 
INFO:root:[DEBUG] Creating (DuckDuckGo) HTTP object.
INFO:root:[DEBUG] Response code is <http.client.HTTPResponse object at 0x7fc64a6304e0> 
INFO:root:[DEBUG] Creating (DuckDuckGo) HTTP object.
INFO:root:[DEBUG] Response code is <http.client.HTTPResponse object at 0x7fd70996cc50> 
INFO:root:[DEBUG] Creating (DuckDuckGo) HTTP object.
INFO:root:[DEBUG] Response code is <http.client.HTTPResponse object at 0x7fd709995048> 
INFO:root:[DEBUG] Creating (DuckDuckGo) HTTP object.
INFO:root:[DEBUG] Response code is <http.client.HTTPResponse object at 0x7fd7090f1710> 
INFO:root:[DEBUG] Creating (DuckDuckGo) HTTP object.
INFO:root:[DEBUG] Response code is <http.client.HTTPResponse object at 0x7fd7090e6710> 
INFO:root:[DEBUG] Creating (DuckDuckGo) HTTP object.
INFO:root:[DEBUG] Response code is <http.client.HTTPResponse object at 0x7fd709102e10> 
INFO:root:[DEBUG] Creating (DuckDuckGo) HTTP object.
INFO:root:[DEBUG] Response code is <http.client.HTTPResponse object at 0x7fd7090eb160> 
INFO:root:[DEBUG] Creating (DuckDuckGo) HTTP object.
INFO:root:[DEBUG] Response code is <http.client.HTTPResponse object at 0x7fd709117550> 
INFO:root:[DEBUG] Creating (DuckDuckGo) HTTP object.
INFO:root:[DEBUG] Response code is <http.client.HTTPResponse object at 0x7fd709113550> 
INFO:root:[DEBUG] Creating (DuckDuckGo) HTTP object.
INFO:root:[DEBUG] Response code is <http.client.HTTPResponse object at 0x7fd7090acc50> 
INFO:root:[DEBUG] Creating (DuckDuckGo) HTTP object.
INFO:root:[DEBUG] Response code is <http.client.HTTPResponse object at 0x7fd7090a2470> 
INFO:root:[DEBUG] Creating (DuckDuckGo) HTTP object.
